[backblue.gif]
[fade.gif]
[index.html]
[localhost/wordpress/feed/index.html]
[localhost/wordpress/comments/feed/index.html]
[localhost/wordpress/wp-json/wp/v2/pages/468.json]
[localhost/wordpress/wp-json/index.html]
[localhost/wordpress/xmlrpc0db0.php]
[localhost/wordpress/wp-json/oembed/1.0/embed68f4.json]
[localhost/wordpress/wp-json/oembed/1.0/embedd248]
[localhost/wordpress/wp-content/uploads/2024/12/download.png]
[localhost/wordpress/wp-content/uploads/2024/12/Untitled-design-7.png]
[localhost/wordpress/wp-content/themes/astra/assets/js/minified/frontend.min7bcd.js]
[localhost/wordpress/wp-includes/js/dist/dom-ready.min5346.js]
[localhost/wordpress/wp-content/plugins/astra-sites/inc/lib/onboarding/assets/dist/template-preview/maina11c.js]
[localhost/wordpress/wp-content/plugins/elementor/assets/js/webpack.runtime.min7ac2.js]
[localhost/wordpress/wp-includes/js/jquery/jquery.minf43b.js]
[localhost/wordpress/wp-includes/js/jquery/jquery-migrate.min5589.js]
[localhost/wordpress/wp-content/plugins/elementor/assets/js/frontend-modules.min7ac2.js]
[localhost/wordpress/wp-includes/js/jquery/ui/core.minb37e.js]
[localhost/wordpress/wp-content/plugins/elementor/assets/js/frontend.min7ac2.js]
[localhost/wordpress/index.html]
[localhost/wordpress/wp-content/themes/astra/assets/css/minified/main.min7bcd.css]
[localhost/wordpress/wp-content/plugins/elementor/assets/css/frontend.min7ac2.css]
[localhost/wordpress/wp-content/uploads/elementor/css/post-469f2bd.css]
[localhost/wordpress/wp-content/plugins/elementor/assets/css/widget-heading.min7ac2.css]
[localhost/wordpress/wp-content/plugins/elementor/assets/css/widget-divider.min7ac2.css]
[localhost/wordpress/wp-content/plugins/elementor/assets/css/widget-icon-list.min7ac2.css]
[localhost/wordpress/wp-content/plugins/elementor/assets/css/widget-image.min7ac2.css]
[localhost/wordpress/wp-content/plugins/elementor/assets/css/widget-text-editor.min7ac2.css]
[localhost/wordpress/wp-content/plugins/elementor/assets/lib/animations/styles/e-animation-float.min7ac2.css]
[localhost/wordpress/wp-content/plugins/elementor/assets/css/widget-icon-box.min7ac2.css]
[localhost/wordpress/wp-content/plugins/elementor/assets/css/widget-progress.min7ac2.css]
[localhost/wordpress/wp-content/plugins/elementor/assets/css/widget-image-box.min7ac2.css]
[localhost/wordpress/wp-content/uploads/2021/05/bg-02-free-img.png]
[localhost/wordpress/wp-content/uploads/2021/05/bg-01-free-img.jpg]
[localhost/wordpress/wp-content/uploads/elementor/css/post-468f2bd.css]
[localhost/wordpress/wp-json/wp/v2/pages/10.json]
[localhost/wordpress/wp-json/oembed/1.0/embed4c30.json]
[localhost/wordpress/wp-json/oembed/1.0/embed8435]
[localhost/wordpress/wp-content/uploads/2021/05/bg-06-free-img.jpg]
[localhost/wordpress/about/index.html]
[localhost/wordpress/wp-json/wp/v2/pages/12.json]
[localhost/wordpress/wp-json/oembed/1.0/embedbfc2.json]
[localhost/wordpress/wp-json/oembed/1.0/embed4ae9]
[localhost/wordpress/wp-content/uploads/2021/05/bg-03-free-img.jpg]
[localhost/wordpress/wp-content/uploads/2021/05/portfolio-06-free-img.jpg]
[localhost/wordpress/wp-content/uploads/2021/05/portfolio-01-free-img.jpg]
[localhost/wordpress/services/index.html]
[localhost/wordpress/wp-json/wp/v2/pages/16.json]
[localhost/wordpress/wp-json/oembed/1.0/embed9bba.json]
[localhost/wordpress/wp-json/oembed/1.0/embeda399]
[localhost/wordpress/wp-content/uploads/2021/05/bg-04-free-img.jpg]
[localhost/wordpress/contact/index.html]
[localhost/wordpress/wp-content/uploads/elementor/css/post-10887d.css]
[localhost/wordpress/index64b4.html]
[localhost/wordpress/wp-content/uploads/elementor/css/post-12c74e.css]
[localhost/wordpress/index678b.html]
[localhost/wordpress/wp-content/uploads/elementor/css/post-16c5ec.css]
[localhost/wordpress/index0e62.html]
